C:\Users\nkurk\Desktop\CProgramming\I2C\i2c\i2c\interrupt\esp-frdm\slave\drivers/fsl_clock.h:668:20:CLOCK_EnableClock	24	static
C:\Users\nkurk\Desktop\CProgramming\I2C\i2c\i2c\interrupt\esp-frdm\slave\drivers/fsl_gpio.h:191:20:GPIO_PortSet	16	static
C:\Users\nkurk\Desktop\CProgramming\I2C\i2c\i2c\interrupt\esp-frdm\slave\drivers/fsl_gpio.h:206:20:GPIO_PortClear	16	static
C:\Users\nkurk\Desktop\CProgramming\I2C\i2c\i2c\interrupt\esp-frdm\slave\drivers/fsl_port.h:374:20:PORT_SetPinMux	24	static
../source/main.c:46:6:led_off	8	static
../source/main.c:52:6:simple_delay	16	static
../source/main.c:59:13:i2c_slave_callback	32	static
../source/main.c:135:5:main	64	static
